ARM Linker, 5.03 [Build 76] [MDK-ARM Standard]

==============================================================================

Section Cross References

    lab2bai3.o(RESET) refers to lab2bai3.o(MYCODE) for Reset_Handler
    lab2bai3.o(MYCODE) refers to lab2bai3.o(RESET) for K
    lab2bai3.o(MYCODE) refers to lab2bai3.o(STORE) for XauMa


==============================================================================

Image Symbol Table

    Local Symbols

    Symbol Name                              Value     Ov Type        Size  Object(Section)

    lab2bai3.s                               0x00000000   Number         0  lab2bai3.o ABSOLUTE
    RESET                                    0x08000000   Section       25  lab2bai3.o(RESET)
    K                                        0x08000008   Data           4  lab2bai3.o(RESET)
    XauRo                                    0x0800000c   Data          13  lab2bai3.o(RESET)
    MYCODE                                   0x0800001c   Section       76  lab2bai3.o(MYCODE)
    STORE                                    0x20000000   Section      100  lab2bai3.o(STORE)
    XauMa                                    0x20000000   Data         100  lab2bai3.o(STORE)

    Global Symbols

    Symbol Name                              Value     Ov Type        Size  Object(Section)

    BuildAttributes$$THM_ISAv4$P$D$K$B$S$PE$A:L22UL41UL21$X:L11$S22US41US21$IEEE1$IW$USESV6$~STKCKD$USESV7$~SHL$OSPACE$EBA8$STANDARDLIB$PRES8$EABIv2 0x00000000   Number         0  anon$$obj.o ABSOLUTE
    Reset_Handler                            0x0800001d   Thumb Code     0  lab2bai3.o(MYCODE)



==============================================================================

Memory Map of the image

  Image Entry point : 0x0800001d

  Load Region LR_IROM1 (Base: 0x08000000, Size: 0x000000cc, Max: 0x00020000, ABSOLUTE)

    Execution Region ER_IROM1 (Base: 0x08000000, Size: 0x00000068, Max: 0x00020000, ABSOLUTE)

    Base Addr    Size         Type   Attr      Idx    E Section Name        Object

    0x08000000   0x00000019   Data   RO            1    RESET               lab2bai3.o
    0x08000019   0x00000003   PAD
    0x0800001c   0x0000004c   Code   RO            3  * MYCODE              lab2bai3.o


    Execution Region RW_IRAM1 (Base: 0x20000000, Size: 0x00000064, Max: 0x00002000, ABSOLUTE)

    Base Addr    Size         Type   Attr      Idx    E Section Name        Object

    0x20000000   0x00000064   Data   RW            2    STORE               lab2bai3.o


==============================================================================

Image component sizes


      Code (inc. data)   RO Data    RW Data    ZI Data      Debug   Object Name

        76         10         25        100          0        220   lab2bai3.o

    ----------------------------------------------------------------------
        76         10         28        100          0        220   Object Totals
         0          0          0          0          0          0   (incl. Generated)
         0          0          3          0          0          0   (incl. Padding)

    ----------------------------------------------------------------------
         0          0          0          0          0          0   Library Totals
         0          0          0          0          0          0   (incl. Padding)

    ----------------------------------------------------------------------

==============================================================================


      Code (inc. data)   RO Data    RW Data    ZI Data      Debug   

        76         10         28        100          0        220   Grand Totals
        76         10         28        100          0        220   ELF Image Totals
        76         10         28        100          0          0   ROM Totals

==============================================================================

    Total RO  Size (Code + RO Data)                  104 (   0.10kB)
    Total RW  Size (RW Data + ZI Data)               100 (   0.10kB)
    Total ROM Size (Code + RO Data + RW Data)        204 (   0.20kB)

==============================================================================

