ARM Linker, 5.03 [Build 76] [MDK-ARM Standard]

==============================================================================

Section Cross References

    lab5bai1ye.o(RESET) refers to lab5bai1ye.o(HUU) for MAIN
    lab5bai1ye.o(HUU) refers to lab5bai1ye.o(RESET) for SPT
    lab5bai1ye.o(HUU) refers to lab5bai1ye.o(DATA1) for RESULT
    lab5bai1ye.o(HUU) refers to lab5bai1ye.o(DATA2) for RESULT2


==============================================================================

Image Symbol Table

    Local Symbols

    Symbol Name                              Value     Ov Type        Size  Object(Section)

    Lab5bai1ye.s                             0x00000000   Number         0  lab5bai1ye.o ABSOLUTE
    RESET                                    0x08000000   Section       13  lab5bai1ye.o(RESET)
    DULIEU                                   0x08000008   Data           4  lab5bai1ye.o(RESET)
    SPT                                      0x0800000c   Data           1  lab5bai1ye.o(RESET)
    HUU                                      0x08000010   Section      108  lab5bai1ye.o(HUU)
    MAIN                                     0x08000011   Thumb Code     0  lab5bai1ye.o(HUU)
    DATA1                                    0x20000000   Section        1  lab5bai1ye.o(DATA1)
    RESULT                                   0x20000000   Data           1  lab5bai1ye.o(DATA1)
    DATA2                                    0x20000004   Section        1  lab5bai1ye.o(DATA2)
    RESULT2                                  0x20000004   Data           1  lab5bai1ye.o(DATA2)

    Global Symbols

    Symbol Name                              Value     Ov Type        Size  Object(Section)

    BuildAttributes$$THM_ISAv4$P$D$K$B$S$PE$A:L22UL41UL21$X:L11$S22US41US21$IEEE1$IW$USESV6$~STKCKD$USESV7$~SHL$OSPACE$EBA8$STANDARDLIB$PRES8$EABIv2 0x00000000   Number         0  anon$$obj.o ABSOLUTE



==============================================================================

Memory Map of the image

  Image Entry point : 0x08000011

  Load Region LR_IROM1 (Base: 0x08000000, Size: 0x00000084, Max: 0x00020000, ABSOLUTE)

    Execution Region ER_IROM1 (Base: 0x08000000, Size: 0x0000007c, Max: 0x00020000, ABSOLUTE)

    Base Addr    Size         Type   Attr      Idx    E Section Name        Object

    0x08000000   0x0000000d   Data   RO            1    RESET               lab5bai1ye.o
    0x0800000d   0x00000003   PAD
    0x08000010   0x0000006c   Code   RO            4  * HUU                 lab5bai1ye.o


    Execution Region RW_IRAM1 (Base: 0x20000000, Size: 0x00000008, Max: 0x00002000, ABSOLUTE)

    Base Addr    Size         Type   Attr      Idx    E Section Name        Object

    0x20000000   0x00000001   Data   RW            2    DATA1               lab5bai1ye.o
    0x20000001   0x00000003   PAD
    0x20000004   0x00000001   Data   RW            3    DATA2               lab5bai1ye.o


==============================================================================

Image component sizes


      Code (inc. data)   RO Data    RW Data    ZI Data      Debug   Object Name

       108         12         13          2          0        232   lab5bai1ye.o

    ----------------------------------------------------------------------
       108         12         16          8          0        232   Object Totals
         0          0          0          0          0          0   (incl. Generated)
         0          0          3          6          0          0   (incl. Padding)

    ----------------------------------------------------------------------
         0          0          0          0          0          0   Library Totals
         0          0          0          0          0          0   (incl. Padding)

    ----------------------------------------------------------------------

==============================================================================


      Code (inc. data)   RO Data    RW Data    ZI Data      Debug   

       108         12         16          8          0        232   Grand Totals
       108         12         16          8          0        232   ELF Image Totals
       108         12         16          8          0          0   ROM Totals

==============================================================================

    Total RO  Size (Code + RO Data)                  124 (   0.12kB)
    Total RW  Size (RW Data + ZI Data)                 8 (   0.01kB)
    Total ROM Size (Code + RO Data + RW Data)        132 (   0.13kB)

==============================================================================

